0 verbose cli C:\Program Files\nodejs\node.exe C:\Program Files\nodejs\node_modules\npm\bin\npm-cli.js
1 info using npm@10.9.2
2 info using node@v22.14.0
3 silly config load:file:C:\Program Files\nodejs\node_modules\npm\npmrc
4 silly config load:file:E:\Food delivery system\backend\.npmrc
5 silly config load:file:C:\Users\HP\.npmrc
6 silly config load:file:E:\Food delivery system\backend\.npm-global\etc\npmrc
7 verbose title npm install nodemon
8 verbose argv "install" "--save-dev" "nodemon"
9 verbose logfile logs-max:10 dir:E:\Food delivery system\backend\.npm-cache\_logs\2026-09-21T14_00_19_560Z-
10 verbose logfile E:\Food delivery system\backend\.npm-cache\_logs\2026-09-21T14_00_19_560Z-debug-0.log
11 silly logfile done cleaning log files
12 silly packumentCache heap:2197815296 maxSize:549453824 maxEntrySize:274726912
13 silly idealTree buildDeps
14 silly fetch manifest nodemon@*
15 silly packumentCache full:https://registry.npmjs.org/nodemon cache-miss
16 http fetch GET 200 https://registry.npmjs.org/nodemon 488ms (cache miss)
17 silly packumentCache full:https://registry.npmjs.org/nodemon set size:undefined disposed:false
18 silly placeDep ROOT nodemon@3.1.14 OK for: backend@1.0.0 want: *
19 silly fetch manifest debug@^4
20 silly packumentCache full:https://registry.npmjs.org/debug cache-miss
21 silly fetch manifest touch@^3.1.0
22 silly packumentCache full:https://registry.npmjs.org/touch cache-miss
23 silly fetch manifest chokidar@^3.5.2
24 silly packumentCache full:https://registry.npmjs.org/chokidar cache-miss
25 silly fetch manifest minimatch@^10.2.1
26 silly packumentCache full:https://registry.npmjs.org/minimatch cache-miss
27 silly fetch manifest undefsafe@^2.0.5
28 silly packumentCache full:https://registry.npmjs.org/undefsafe cache-miss
29 silly fetch manifest pstree.remy@^1.1.8
30 silly packumentCache full:https://registry.npmjs.org/pstree.remy cache-miss
31 silly fetch manifest supports-color@^5.5.0
32 silly packumentCache full:https://registry.npmjs.org/supports-color cache-miss
33 silly fetch manifest ignore-by-default@^1.0.1
34 silly packumentCache full:https://registry.npmjs.org/ignore-by-default cache-miss
35 silly fetch manifest simple-update-notifier@^2.0.0
36 silly packumentCache full:https://registry.npmjs.org/simple-update-notifier cache-miss
37 http fetch GET 200 https://registry.npmjs.org/touch 127ms (cache miss)
38 silly packumentCache full:https://registry.npmjs.org/touch set size:undefined disposed:false
39 http fetch GET 200 https://registry.npmjs.org/chokidar 328ms (cache miss)
40 silly packumentCache full:https://registry.npmjs.org/chokidar set size:undefined disposed:false
41 http fetch GET 200 https://registry.npmjs.org/simple-update-notifier 339ms (cache miss)
42 silly packumentCache full:https://registry.npmjs.org/simple-update-notifier set size:undefined disposed:false
43 http fetch GET 200 https://registry.npmjs.org/debug 354ms (cache revalidated)
44 silly packumentCache full:https://registry.npmjs.org/debug set size:195840 disposed:false
45 http fetch GET 200 https://registry.npmjs.org/supports-color 355ms (cache miss)
46 silly packumentCache full:https://registry.npmjs.org/supports-color set size:undefined disposed:false
47 http fetch GET 200 https://registry.npmjs.org/undefsafe 359ms (cache miss)
48 silly packumentCache full:https://registry.npmjs.org/undefsafe set size:undefined disposed:false
49 http fetch GET 200 https://registry.npmjs.org/ignore-by-default 359ms (cache miss)
50 silly packumentCache full:https://registry.npmjs.org/ignore-by-default set size:undefined disposed:false
51 http fetch GET 200 https://registry.npmjs.org/pstree.remy 394ms (cache miss)
52 silly packumentCache full:https://registry.npmjs.org/pstree.remy set size:undefined disposed:false
53 http fetch GET 200 https://registry.npmjs.org/minimatch 490ms (cache miss)
54 silly packumentCache full:https://registry.npmjs.org/minimatch set size:undefined disposed:false
55 silly placeDep ROOT chokidar@3.6.0 OK for: nodemon@3.1.14 want: ^3.5.2
56 silly placeDep node_modules/nodemon debug@4.4.3 OK for: nodemon@3.1.14 want: ^4
57 silly placeDep ROOT ignore-by-default@1.0.1 OK for: nodemon@3.1.14 want: ^1.0.1
58 silly placeDep ROOT minimatch@10.2.6 OK for: nodemon@3.1.14 want: ^10.2.1
59 silly placeDep ROOT pstree.remy@1.1.8 OK for: nodemon@3.1.14 want: ^1.1.8
60 silly placeDep ROOT simple-update-notifier@2.0.0 OK for: nodemon@3.1.14 want: ^2.0.0
61 silly placeDep ROOT supports-color@5.5.0 OK for: nodemon@3.1.14 want: ^5.5.0
62 silly placeDep ROOT touch@3.1.1 OK for: nodemon@3.1.14 want: ^3.1.0
63 silly placeDep ROOT undefsafe@2.0.5 OK for: nodemon@3.1.14 want: ^2.0.5
64 silly fetch manifest braces@~3.0.2
65 silly packumentCache full:https://registry.npmjs.org/braces cache-miss
66 silly fetch manifest is-glob@~4.0.1
67 silly packumentCache full:https://registry.npmjs.org/is-glob cache-miss
68 silly fetch manifest anymatch@~3.1.2
69 silly packumentCache full:https://registry.npmjs.org/anymatch cache-miss
70 silly fetch manifest readdirp@~3.6.0
71 silly packumentCache full:https://registry.npmjs.org/readdirp cache-miss
72 silly fetch manifest glob-parent@~5.1.2
73 silly packumentCache full:https://registry.npmjs.org/glob-parent cache-miss
74 silly fetch manifest is-binary-path@~2.1.0
75 silly packumentCache full:https://registry.npmjs.org/is-binary-path cache-miss
76 silly fetch manifest normalize-path@~3.0.0
77 silly packumentCache full:https://registry.npmjs.org/normalize-path cache-miss
78 silly fetch manifest fsevents@~2.3.2
79 silly packumentCache full:https://registry.npmjs.org/fsevents cache-miss
80 silly fetch manifest ms@^2.1.3
81 silly packumentCache full:https://registry.npmjs.org/ms cache-miss
82 silly fetch manifest brace-expansion@^5.0.8
83 silly packumentCache full:https://registry.npmjs.org/brace-expansion cache-miss
84 silly fetch manifest has-flag@^3.0.0
85 silly packumentCache full:https://registry.npmjs.org/has-flag cache-miss
86 http fetch GET 200 https://registry.npmjs.org/anymatch 191ms (cache miss)
87 silly packumentCache full:https://registry.npmjs.org/anymatch set size:undefined disposed:false
88 http fetch GET 200 https://registry.npmjs.org/is-glob 202ms (cache miss)
89 silly packumentCache full:https://registry.npmjs.org/is-glob set size:undefined disposed:false
90 http fetch GET 200 https://registry.npmjs.org/glob-parent 218ms (cache miss)
91 silly packumentCache full:https://registry.npmjs.org/glob-parent set size:undefined disposed:false
92 http fetch GET 200 https://registry.npmjs.org/is-binary-path 222ms (cache miss)
93 silly packumentCache full:https://registry.npmjs.org/is-binary-path set size:undefined disposed:false
94 http fetch GET 200 https://registry.npmjs.org/braces 226ms (cache miss)
95 silly packumentCache full:https://registry.npmjs.org/braces set size:undefined disposed:false
96 http fetch GET 200 https://registry.npmjs.org/normalize-path 229ms (cache miss)
97 silly packumentCache full:https://registry.npmjs.org/normalize-path set size:undefined disposed:false
98 http fetch GET 200 https://registry.npmjs.org/readdirp 241ms (cache miss)
99 silly packumentCache full:https://registry.npmjs.org/readdirp set size:undefined disposed:false
100 http fetch GET 200 https://registry.npmjs.org/fsevents 257ms (cache miss)
101 silly packumentCache full:https://registry.npmjs.org/fsevents set size:undefined disposed:false
102 http fetch GET 200 https://registry.npmjs.org/brace-expansion 264ms (cache miss)
103 silly packumentCache full:https://registry.npmjs.org/brace-expansion set size:undefined disposed:false
104 http fetch GET 200 https://registry.npmjs.org/has-flag 280ms (cache miss)
105 silly packumentCache full:https://registry.npmjs.org/has-flag set size:undefined disposed:false
106 http fetch GET 200 https://registry.npmjs.org/ms 354ms (cache revalidated)
107 silly packumentCache full:https://registry.npmjs.org/ms set size:92208 disposed:false
108 silly placeDep ROOT anymatch@3.1.3 OK for: chokidar@3.6.0 want: ~3.1.2
109 silly placeDep ROOT braces@3.0.3 OK for: chokidar@3.6.0 want: ~3.0.2
110 silly placeDep ROOT fsevents@2.3.3 OK for: chokidar@3.6.0 want: ~2.3.2
111 silly placeDep ROOT glob-parent@5.1.2 OK for: chokidar@3.6.0 want: ~5.1.2
112 silly placeDep ROOT is-binary-path@2.1.0 OK for: chokidar@3.6.0 want: ~2.1.0
113 silly placeDep ROOT is-glob@4.0.3 OK for: chokidar@3.6.0 want: ~4.0.1
114 silly placeDep ROOT normalize-path@3.0.0 OK for: chokidar@3.6.0 want: ~3.0.0
115 silly placeDep ROOT readdirp@3.6.0 OK for: chokidar@3.6.0 want: ~3.6.0
116 silly fetch manifest picomatch@^2.0.4
117 silly packumentCache full:https://registry.npmjs.org/picomatch cache-miss
118 silly fetch manifest normalize-path@^3.0.0
119 silly packumentCache full:https://registry.npmjs.org/normalize-path cache-miss
120 silly fetch manifest fill-range@^7.1.1
121 silly packumentCache full:https://registry.npmjs.org/fill-range cache-miss
122 silly fetch manifest is-glob@^4.0.1
123 silly packumentCache full:https://registry.npmjs.org/is-glob cache-miss
124 silly fetch manifest binary-extensions@^2.0.0
125 silly packumentCache full:https://registry.npmjs.org/binary-extensions cache-miss
126 silly fetch manifest is-extglob@^2.1.1
127 silly packumentCache full:https://registry.npmjs.org/is-extglob cache-miss
128 silly fetch manifest picomatch@^2.2.1
129 silly packumentCache full:https://registry.npmjs.org/picomatch cache-miss
130 http cache https://registry.npmjs.org/is-glob 54ms (cache hit)
131 silly packumentCache full:https://registry.npmjs.org/is-glob set size:40530 disposed:false
132 http cache https://registry.npmjs.org/normalize-path 59ms (cache hit)
133 silly packumentCache full:https://registry.npmjs.org/normalize-path set size:28713 disposed:false
134 http fetch GET 200 https://registry.npmjs.org/fill-range 156ms (cache miss)
135 silly packumentCache full:https://registry.npmjs.org/fill-range set size:undefined disposed:false
136 http fetch GET 200 https://registry.npmjs.org/picomatch 169ms (cache miss)
137 silly packumentCache full:https://registry.npmjs.org/picomatch set size:undefined disposed:false
138 http fetch GET 200 https://registry.npmjs.org/is-extglob 170ms (cache miss)
139 silly packumentCache full:https://registry.npmjs.org/is-extglob set size:undefined disposed:false
140 http fetch GET 200 https://registry.npmjs.org/binary-extensions 173ms (cache miss)
141 silly packumentCache full:https://registry.npmjs.org/binary-extensions set size:undefined disposed:false
142 http fetch GET 200 https://registry.npmjs.org/picomatch 175ms (cache miss)
143 silly packumentCache full:https://registry.npmjs.org/picomatch set size:undefined disposed:false
144 silly placeDep ROOT picomatch@2.3.2 OK for: anymatch@3.1.3 want: ^2.0.4
145 silly placeDep ROOT fill-range@7.1.1 OK for: braces@3.0.3 want: ^7.1.1
146 silly fetch manifest to-regex-range@^5.0.1
147 silly packumentCache full:https://registry.npmjs.org/to-regex-range cache-miss
148 http fetch GET 200 https://registry.npmjs.org/to-regex-range 129ms (cache miss)
149 silly packumentCache full:https://registry.npmjs.org/to-regex-range set size:undefined disposed:false
150 silly placeDep ROOT to-regex-range@5.0.1 OK for: fill-range@7.1.1 want: ^5.0.1
151 silly fetch manifest is-number@^7.0.0
152 silly packumentCache full:https://registry.npmjs.org/is-number cache-miss
153 http fetch GET 200 https://registry.npmjs.org/is-number 105ms (cache miss)
154 silly packumentCache full:https://registry.npmjs.org/is-number set size:undefined disposed:false
155 silly placeDep ROOT binary-extensions@2.3.0 OK for: is-binary-path@2.1.0 want: ^2.0.0
156 silly placeDep ROOT is-extglob@2.1.1 OK for: is-glob@4.0.3 want: ^2.1.1
157 silly placeDep ROOT brace-expansion@5.0.12 OK for: minimatch@10.2.6 want: ^5.0.8
158 silly fetch manifest balanced-match@^4.0.2
159 silly packumentCache full:https://registry.npmjs.org/balanced-match cache-miss
160 http fetch GET 200 https://registry.npmjs.org/balanced-match 141ms (cache miss)
161 silly packumentCache full:https://registry.npmjs.org/balanced-match set size:undefined disposed:false
162 silly placeDep ROOT balanced-match@4.0.4 OK for: brace-expansion@5.0.12 want: ^4.0.2
163 silly placeDep ROOT has-flag@3.0.0 OK for: supports-color@5.5.0 want: ^3.0.0
164 silly placeDep ROOT is-number@7.0.0 OK for: to-regex-range@5.0.1 want: ^7.0.0
165 silly placeDep node_modules/nodemon ms@2.1.3 OK for: debug@4.4.3 want: ^2.1.3
166 silly reify moves {}
167 silly audit bulk request {
167 silly audit   '@mongodb-js/saslprep': [ '1.5.4' ],
167 silly audit   '@socket.io/component-emitter': [ '3.1.2' ],
167 silly audit   '@types/cors': [ '2.8.19' ],
167 silly audit   '@types/node': [ '26.6.2' ],
167 silly audit   '@types/webidl-conversions': [ '7.0.3' ],
167 silly audit   '@types/whatwg-url': [ '11.0.5' ],
167 silly audit   '@types/ws': [ '8.18.1' ],
167 silly audit   accepts: [ '1.3.8' ],
167 silly audit   'array-flatten': [ '1.1.1' ],
167 silly audit   base64id: [ '2.0.0' ],
167 silly audit   bcryptjs: [ '2.4.3' ],
167 silly audit   'body-parser': [ '1.20.8' ],
167 silly audit   bson: [ '6.10.4' ],
167 silly audit   'buffer-equal-constant-time': [ '1.0.1' ],
167 silly audit   bytes: [ '3.1.2' ],
167 silly audit   'call-bind-apply-helpers': [ '1.0.2' ],
167 silly audit   'call-bound': [ '1.0.4' ],
167 silly audit   'content-disposition': [ '0.5.4' ],
167 silly audit   'content-type': [ '1.0.5' ],
167 silly audit   cookie: [ '0.7.2' ],
167 silly audit   'cookie-signature': [ '1.0.7' ],
167 silly audit   cors: [ '2.8.6' ],
167 silly audit   debug: [ '2.6.9', '4.4.3' ],
167 silly audit   depd: [ '2.0.0' ],
167 silly audit   destroy: [ '1.2.0' ],
167 silly audit   dotenv: [ '16.6.1' ],
167 silly audit   'dunder-proto': [ '1.0.1' ],
167 silly audit   'ecdsa-sig-formatter': [ '1.0.11' ],
167 silly audit   'ee-first': [ '1.1.1' ],
167 silly audit   encodeurl: [ '2.0.0' ],
167 silly audit   'engine.io': [ '6.6.10' ],
167 silly audit   'engine.io-parser': [ '5.2.3' ],
167 silly audit   ms: [ '2.1.3', '2.0.0' ],
167 silly audit   'es-define-property': [ '1.0.1' ],
167 silly audit   'es-errors': [ '1.3.0' ],
167 silly audit   'es-object-atoms': [ '1.1.2' ],
167 silly audit   'escape-html': [ '1.0.3' ],
167 silly audit   etag: [ '1.8.1' ],
167 silly audit   express: [ '4.22.3' ],
167 silly audit   finalhandler: [ '1.3.2' ],
167 silly audit   forwarded: [ '0.2.0' ],
167 silly audit   fresh: [ '0.5.2' ],
167 silly audit   'function-bind': [ '1.1.2' ],
167 silly audit   'get-intrinsic': [ '1.3.0' ],
167 silly audit   'get-proto': [ '1.0.1' ],
167 silly audit   gopd: [ '1.2.0' ],
167 silly audit   'has-symbols': [ '1.1.0' ],
167 silly audit   hasown: [ '2.0.4' ],
167 silly audit   'http-errors': [ '2.0.1' ],
167 silly audit   'iconv-lite': [ '0.4.24' ],
167 silly audit   inherits: [ '2.0.4' ],
167 silly audit   'ipaddr.js': [ '1.9.1' ],
167 silly audit   jsonwebtoken: [ '9.0.3' ],
167 silly audit   jwa: [ '2.0.1' ],
167 silly audit   jws: [ '4.0.1' ],
167 silly audit   kareem: [ '2.6.3' ],
167 silly audit   'lodash.includes': [ '4.3.0' ],
167 silly audit   'lodash.isboolean': [ '3.0.3' ],
167 silly audit   'lodash.isinteger': [ '4.0.4' ],
167 silly audit   'lodash.isnumber': [ '3.0.3' ],
167 silly audit   'lodash.isplainobject': [ '4.0.6' ],
167 silly audit   'lodash.isstring': [ '4.0.1' ],
167 silly audit   'lodash.once': [ '4.1.1' ],
167 silly audit   'math-intrinsics': [ '1.1.0' ],
167 silly audit   'media-typer': [ '0.3.0' ],
167 silly audit   'memory-pager': [ '1.5.0' ],
167 silly audit   'merge-descriptors': [ '1.0.3' ],
167 silly audit   methods: [ '1.1.2' ],
167 silly audit   mime: [ '1.6.0' ],
167 silly audit   'mime-db': [ '1.52.0' ],
167 silly audit   'mime-types': [ '2.1.35' ],
167 silly audit   mongodb: [ '6.20.0' ],
167 silly audit   'mongodb-connection-string-url': [ '3.0.2' ],
167 silly audit   mongoose: [ '8.24.4' ],
167 silly audit   mpath: [ '0.9.0' ],
167 silly audit   mquery: [ '5.0.0' ],
167 silly audit   negotiator: [ '0.6.3' ],
167 silly audit   'object-assign': [ '4.1.1' ],
167 silly audit   'object-inspect': [ '1.13.4' ],
167 silly audit   'on-finished': [ '2.4.1' ],
167 silly audit   parseurl: [ '1.3.3' ],
167 silly audit   'path-to-regexp': [ '0.1.13' ],
167 silly audit   'proxy-addr': [ '2.0.8' ],
167 silly audit   punycode: [ '2.3.1' ],
167 silly audit   qs: [ '6.16.0' ],
167 silly audit   'range-parser': [ '1.2.1' ],
167 silly audit   'raw-body': [ '2.5.3' ],
167 silly audit   'safe-buffer': [ '5.2.1' ],
167 silly audit   'safer-buffer': [ '2.1.2' ],
167 silly audit   semver: [ '7.8.5' ],
167 silly audit   send: [ '0.19.2' ],
167 silly audit   'serve-static': [ '1.16.3' ],
167 silly audit   setprototypeof: [ '1.2.0' ],
167 silly audit   'side-channel': [ '1.1.1' ],
167 silly audit   'side-channel-list': [ '1.0.1' ],
167 silly audit   'side-channel-map': [ '1.0.1' ],
167 silly audit   'side-channel-weakmap': [ '1.0.2' ],
167 silly audit   sift: [ '17.1.3' ],
167 silly audit   'socket.io': [ '4.8.3' ],
167 silly audit   'socket.io-adapter': [ '2.5.8' ],
167 silly audit   'socket.io-parser': [ '4.2.7' ],
167 silly audit   'sparse-bitfield': [ '3.0.3' ],
167 silly audit   statuses: [ '2.0.2' ],
167 silly audit   toidentifier: [ '1.0.1' ],
167 silly audit   tr46: [ '5.1.1' ],
167 silly audit   'type-is': [ '1.6.18' ],
167 silly audit   'undici-types': [ '8.9.0' ],
167 silly audit   unpipe: [ '1.0.0' ],
167 silly audit   'utils-merge': [ '1.0.1' ],
167 silly audit   vary: [ '1.1.2' ],
167 silly audit   'webidl-conversions': [ '7.0.0' ],
167 silly audit   'whatwg-url': [ '14.2.0' ],
167 silly audit   ws: [ '8.21.3' ],
167 silly audit   nodemon: [ '3.1.14' ],
167 silly audit   chokidar: [ '3.6.0' ],
167 silly audit   'ignore-by-default': [ '1.0.1' ],
167 silly audit   minimatch: [ '10.2.6' ],
167 silly audit   'pstree.remy': [ '1.1.8' ],
167 silly audit   'simple-update-notifier': [ '2.0.0' ],
167 silly audit   'supports-color': [ '5.5.0' ],
167 silly audit   touch: [ '3.1.1' ],
167 silly audit   undefsafe: [ '2.0.5' ],
167 silly audit   anymatch: [ '3.1.3' ],
167 silly audit   braces: [ '3.0.3' ],
167 silly audit   fsevents: [ '2.3.3' ],
167 silly audit   'glob-parent': [ '5.1.2' ],
167 silly audit   'is-binary-path': [ '2.1.0' ],
167 silly audit   'is-glob': [ '4.0.3' ],
167 silly audit   'normalize-path': [ '3.0.0' ],
167 silly audit   readdirp: [ '3.6.0' ],
167 silly audit   picomatch: [ '2.3.2' ],
167 silly audit   'fill-range': [ '7.1.1' ],
167 silly audit   'to-regex-range': [ '5.0.1' ],
167 silly audit   'binary-extensions': [ '2.3.0' ],
167 silly audit   'is-extglob': [ '2.1.1' ],
167 silly audit   'brace-expansion': [ '5.0.12' ],
167 silly audit   'balanced-match': [ '4.0.4' ],
167 silly audit   'has-flag': [ '3.0.0' ],
167 silly audit   'is-number': [ '7.0.0' ]
167 silly audit }
168 verbose reify failed optional dependency E:\Food delivery system\backend\node_modules\fsevents
169 silly reify mark deleted [ 'E:\\Food delivery system\\backend\\node_modules\\fsevents' ]
170 http cache is-number@https://registry.npmjs.org/is-number/-/is-number-7.0.0.tgz 0ms (cache hit)
171 http cache has-flag@https://registry.npmjs.org/has-flag/-/has-flag-3.0.0.tgz 0ms (cache hit)
172 http cache balanced-match@https://registry.npmjs.org/balanced-match/-/balanced-match-4.0.4.tgz 0ms (cache hit)
173 http cache brace-expansion@https://registry.npmjs.org/brace-expansion/-/brace-expansion-5.0.12.tgz 0ms (cache hit)
174 http cache is-extglob@https://registry.npmjs.org/is-extglob/-/is-extglob-2.1.1.tgz 0ms (cache hit)
175 http cache binary-extensions@https://registry.npmjs.org/binary-extensions/-/binary-extensions-2.3.0.tgz 0ms (cache hit)
176 http cache to-regex-range@https://registry.npmjs.org/to-regex-range/-/to-regex-range-5.0.1.tgz 0ms (cache hit)
177 http cache fill-range@https://registry.npmjs.org/fill-range/-/fill-range-7.1.1.tgz 0ms (cache hit)
178 http cache picomatch@https://registry.npmjs.org/picomatch/-/picomatch-2.3.2.tgz 0ms (cache hit)
179 http cache readdirp@https://registry.npmjs.org/readdirp/-/readdirp-3.6.0.tgz 0ms (cache hit)
180 http cache normalize-path@https://registry.npmjs.org/normalize-path/-/normalize-path-3.0.0.tgz 0ms (cache hit)
181 http cache is-glob@https://registry.npmjs.org/is-glob/-/is-glob-4.0.3.tgz 0ms (cache hit)
182 http cache is-binary-path@https://registry.npmjs.org/is-binary-path/-/is-binary-path-2.1.0.tgz 0ms (cache hit)
183 http cache anymatch@https://registry.npmjs.org/anymatch/-/anymatch-3.1.3.tgz 0ms (cache hit)
184 http cache glob-parent@https://registry.npmjs.org/glob-parent/-/glob-parent-5.1.2.tgz 0ms (cache hit)
185 http cache braces@https://registry.npmjs.org/braces/-/braces-3.0.3.tgz 0ms (cache hit)
186 http cache undefsafe@https://registry.npmjs.org/undefsafe/-/undefsafe-2.0.5.tgz 0ms (cache hit)
187 http cache supports-color@https://registry.npmjs.org/supports-color/-/supports-color-5.5.0.tgz 0ms (cache hit)
188 http cache touch@https://registry.npmjs.org/touch/-/touch-3.1.1.tgz 0ms (cache hit)
189 http cache simple-update-notifier@https://registry.npmjs.org/simple-update-notifier/-/simple-update-notifier-2.0.0.tgz 0ms (cache hit)
190 http cache pstree.remy@https://registry.npmjs.org/pstree.remy/-/pstree.remy-1.1.8.tgz 0ms (cache hit)
191 http cache minimatch@https://registry.npmjs.org/minimatch/-/minimatch-10.2.6.tgz 0ms (cache hit)
192 http cache ignore-by-default@https://registry.npmjs.org/ignore-by-default/-/ignore-by-default-1.0.1.tgz 0ms (cache hit)
193 http cache chokidar@https://registry.npmjs.org/chokidar/-/chokidar-3.6.0.tgz 0ms (cache hit)
194 http cache nodemon@https://registry.npmjs.org/nodemon/-/nodemon-3.1.14.tgz 0ms (cache hit)
195 http cache ms@https://registry.npmjs.org/ms/-/ms-2.1.3.tgz 0ms (cache hit)
196 http cache debug@https://registry.npmjs.org/debug/-/debug-4.4.3.tgz 0ms (cache hit)
197 silly tarball no local data for is-number@https://registry.npmjs.org/is-number/-/is-number-7.0.0.tgz. Extracting by manifest.
198 silly tarball no local data for has-flag@https://registry.npmjs.org/has-flag/-/has-flag-3.0.0.tgz. Extracting by manifest.
199 silly tarball no local data for balanced-match@https://registry.npmjs.org/balanced-match/-/balanced-match-4.0.4.tgz. Extracting by manifest.
200 silly tarball no local data for brace-expansion@https://registry.npmjs.org/brace-expansion/-/brace-expansion-5.0.12.tgz. Extracting by manifest.
201 silly tarball no local data for is-extglob@https://registry.npmjs.org/is-extglob/-/is-extglob-2.1.1.tgz. Extracting by manifest.
202 silly tarball no local data for binary-extensions@https://registry.npmjs.org/binary-extensions/-/binary-extensions-2.3.0.tgz. Extracting by manifest.
203 silly tarball no local data for to-regex-range@https://registry.npmjs.org/to-regex-range/-/to-regex-range-5.0.1.tgz. Extracting by manifest.
204 silly tarball no local data for fill-range@https://registry.npmjs.org/fill-range/-/fill-range-7.1.1.tgz. Extracting by manifest.
205 silly tarball no local data for picomatch@https://registry.npmjs.org/picomatch/-/picomatch-2.3.2.tgz. Extracting by manifest.
206 silly tarball no local data for readdirp@https://registry.npmjs.org/readdirp/-/readdirp-3.6.0.tgz. Extracting by manifest.
207 silly tarball no local data for normalize-path@https://registry.npmjs.org/normalize-path/-/normalize-path-3.0.0.tgz. Extracting by manifest.
208 silly tarball no local data for is-glob@https://registry.npmjs.org/is-glob/-/is-glob-4.0.3.tgz. Extracting by manifest.
209 silly tarball no local data for is-binary-path@https://registry.npmjs.org/is-binary-path/-/is-binary-path-2.1.0.tgz. Extracting by manifest.
210 silly tarball no local data for anymatch@https://registry.npmjs.org/anymatch/-/anymatch-3.1.3.tgz. Extracting by manifest.
211 silly tarball no local data for glob-parent@https://registry.npmjs.org/glob-parent/-/glob-parent-5.1.2.tgz. Extracting by manifest.
212 silly tarball no local data for braces@https://registry.npmjs.org/braces/-/braces-3.0.3.tgz. Extracting by manifest.
213 silly tarball no local data for undefsafe@https://registry.npmjs.org/undefsafe/-/undefsafe-2.0.5.tgz. Extracting by manifest.
214 silly tarball no local data for supports-color@https://registry.npmjs.org/supports-color/-/supports-color-5.5.0.tgz. Extracting by manifest.
215 silly tarball no local data for touch@https://registry.npmjs.org/touch/-/touch-3.1.1.tgz. Extracting by manifest.
216 silly tarball no local data for simple-update-notifier@https://registry.npmjs.org/simple-update-notifier/-/simple-update-notifier-2.0.0.tgz. Extracting by manifest.
217 silly tarball no local data for pstree.remy@https://registry.npmjs.org/pstree.remy/-/pstree.remy-1.1.8.tgz. Extracting by manifest.
218 silly tarball no local data for minimatch@https://registry.npmjs.org/minimatch/-/minimatch-10.2.6.tgz. Extracting by manifest.
219 silly tarball no local data for ignore-by-default@https://registry.npmjs.org/ignore-by-default/-/ignore-by-default-1.0.1.tgz. Extracting by manifest.
220 silly tarball no local data for chokidar@https://registry.npmjs.org/chokidar/-/chokidar-3.6.0.tgz. Extracting by manifest.
221 silly tarball no local data for nodemon@https://registry.npmjs.org/nodemon/-/nodemon-3.1.14.tgz. Extracting by manifest.
222 http fetch GET 200 https://registry.npmjs.org/binary-extensions/-/binary-extensions-2.3.0.tgz 207ms (cache miss)
223 http fetch GET 200 https://registry.npmjs.org/has-flag/-/has-flag-3.0.0.tgz 212ms (cache miss)
224 http fetch GET 200 https://registry.npmjs.org/is-extglob/-/is-extglob-2.1.1.tgz 211ms (cache miss)
225 http fetch GET 200 https://registry.npmjs.org/is-number/-/is-number-7.0.0.tgz 217ms (cache miss)
226 http fetch GET 200 https://registry.npmjs.org/fill-range/-/fill-range-7.1.1.tgz 231ms (cache miss)
227 http fetch GET 200 https://registry.npmjs.org/to-regex-range/-/to-regex-range-5.0.1.tgz 243ms (cache miss)
228 http fetch GET 200 https://registry.npmjs.org/readdirp/-/readdirp-3.6.0.tgz 242ms (cache miss)
229 http fetch GET 200 https://registry.npmjs.org/picomatch/-/picomatch-2.3.2.tgz 336ms (cache miss)
230 http fetch GET 200 https://registry.npmjs.org/balanced-match/-/balanced-match-4.0.4.tgz 354ms (cache miss)
231 http fetch POST 200 https://registry.npmjs.org/-/npm/v1/security/advisories/bulk 438ms
232 silly audit report {}
233 http fetch GET 200 https://registry.npmjs.org/supports-color/-/supports-color-5.5.0.tgz 399ms (cache miss)
234 http fetch GET 200 https://registry.npmjs.org/brace-expansion/-/brace-expansion-5.0.12.tgz 415ms (cache miss)
235 http fetch GET 200 https://registry.npmjs.org/ignore-by-default/-/ignore-by-default-1.0.1.tgz 416ms (cache miss)
236 http fetch GET 200 https://registry.npmjs.org/glob-parent/-/glob-parent-5.1.2.tgz 436ms (cache miss)
237 http fetch GET 200 https://registry.npmjs.org/touch/-/touch-3.1.1.tgz 443ms (cache miss)
238 http fetch GET 200 https://registry.npmjs.org/undefsafe/-/undefsafe-2.0.5.tgz 542ms (cache miss)
239 http fetch GET 200 https://registry.npmjs.org/is-glob/-/is-glob-4.0.3.tgz 546ms (cache miss)
240 http fetch GET 200 https://registry.npmjs.org/is-binary-path/-/is-binary-path-2.1.0.tgz 556ms (cache miss)
241 http fetch GET 200 https://registry.npmjs.org/normalize-path/-/normalize-path-3.0.0.tgz 562ms (cache miss)
242 http fetch GET 200 https://registry.npmjs.org/anymatch/-/anymatch-3.1.3.tgz 563ms (cache miss)
243 http fetch GET 200 https://registry.npmjs.org/braces/-/braces-3.0.3.tgz 567ms (cache miss)
244 http fetch GET 200 https://registry.npmjs.org/pstree.remy/-/pstree.remy-1.1.8.tgz 574ms (cache miss)
245 http fetch GET 200 https://registry.npmjs.org/chokidar/-/chokidar-3.6.0.tgz 573ms (cache miss)
246 http fetch GET 200 https://registry.npmjs.org/simple-update-notifier/-/simple-update-notifier-2.0.0.tgz 592ms (cache miss)
247 http fetch GET 200 https://registry.npmjs.org/nodemon/-/nodemon-3.1.14.tgz 746ms (cache miss)
248 http fetch GET 200 https://registry.npmjs.org/minimatch/-/minimatch-10.2.6.tgz 774ms (cache miss)
249 silly ADD node_modules/is-number
250 silly ADD node_modules/has-flag
251 silly ADD node_modules/balanced-match
252 silly ADD node_modules/brace-expansion
253 silly ADD node_modules/is-extglob
254 silly ADD node_modules/binary-extensions
255 silly ADD node_modules/to-regex-range
256 silly ADD node_modules/fill-range
257 silly ADD node_modules/picomatch
258 silly ADD node_modules/readdirp
259 silly ADD node_modules/normalize-path
260 silly ADD node_modules/is-glob
261 silly ADD node_modules/is-binary-path
262 silly ADD node_modules/glob-parent
263 silly ADD
264 silly ADD node_modules/braces
265 silly ADD node_modules/anymatch
266 silly ADD node_modules/undefsafe
267 silly ADD node_modules/touch
268 silly ADD node_modules/supports-color
269 silly ADD node_modules/simple-update-notifier
270 silly ADD node_modules/pstree.remy
271 silly ADD node_modules/minimatch
272 silly ADD node_modules/ignore-by-default
273 silly ADD node_modules/chokidar
274 silly ADD node_modules/nodemon
275 silly ADD node_modules/nodemon/node_modules/ms
276 silly ADD node_modules/nodemon/node_modules/debug
277 verbose cwd E:\Food delivery system\backend
278 verbose os Windows_NT 10.0.26200
279 verbose node v22.14.0
280 verbose npm  v10.9.2
281 verbose exit 0
282 info ok
