0 verbose cli C:\Program Files\nodejs\node.exe C:\Program Files\nodejs\node_modules\npm\bin\npm-cli.js
1 info using npm@10.9.2
2 info using node@v22.14.0
3 silly config load:file:C:\Program Files\nodejs\node_modules\npm\npmrc
4 silly config load:file:E:\Food delivery system\client-customer\.npmrc
5 silly config load:file:C:\Users\HP\.npmrc
6 silly config load:file:E:\Food delivery system\client-customer\.npm-global\etc\npmrc
7 verbose title npm install @capacitor/android
8 verbose argv "install" "@capacitor/android"
9 verbose logfile logs-max:10 dir:E:\Food delivery system\client-customer\.npm-cache\_logs\2026-09-25T06_53_02_241Z-
10 verbose logfile E:\Food delivery system\client-customer\.npm-cache\_logs\2026-09-25T06_53_02_241Z-debug-0.log
11 silly logfile start cleaning logs, removing 1 files
12 silly packumentCache heap:2197815296 maxSize:549453824 maxEntrySize:274726912
13 silly logfile done cleaning log files
14 silly idealTree buildDeps
15 silly fetch manifest @capacitor/android@*
16 silly packumentCache full:https://registry.npmjs.org/@capacitor%2fandroid cache-miss
17 http fetch GET 200 https://registry.npmjs.org/@capacitor%2fandroid 1531ms (cache miss)
18 silly packumentCache full:https://registry.npmjs.org/@capacitor%2fandroid set size:undefined disposed:false
19 silly fetch manifest @capacitor/core@^8.5.2
20 silly packumentCache full:https://registry.npmjs.org/@capacitor%2fcore cache-miss
21 http cache https://registry.npmjs.org/@capacitor%2fcore 51ms (cache hit)
22 silly packumentCache full:https://registry.npmjs.org/@capacitor%2fcore set size:4860066 disposed:false
23 silly placeDep ROOT @capacitor/android@8.5.2 OK for: client-customer@1.0.0 want: *
24 silly reify moves {}
25 verbose reify failed optional dependency E:\Food delivery system\client-customer\node_modules\@tailwindcss\oxide-wasm32-wasi
26 silly reify mark deleted [
26 silly reify   'E:\\Food delivery system\\client-customer\\node_modules\\@tailwindcss\\oxide-wasm32-wasi'
26 silly reify ]
27 silly audit bulk request {
27 silly audit   '@alloc/quick-lru': [ '5.3.0' ],
27 silly audit   '@capacitor/cli': [ '8.5.2' ],
27 silly audit   '@capacitor/core': [ '8.5.2' ],
27 silly audit   '@emnapi/runtime': [ '1.11.3' ],
27 silly audit   '@img/colour': [ '1.1.0' ],
27 silly audit   '@img/sharp-darwin-arm64': [ '0.35.4' ],
27 silly audit   '@img/sharp-darwin-x64': [ '0.35.4' ],
27 silly audit   '@img/sharp-freebsd-wasm32': [ '0.35.4' ],
27 silly audit   '@img/sharp-libvips-darwin-arm64': [ '1.3.3' ],
27 silly audit   '@img/sharp-libvips-darwin-x64': [ '1.3.3' ],
27 silly audit   '@img/sharp-libvips-linux-arm': [ '1.3.3' ],
27 silly audit   '@img/sharp-libvips-linux-arm64': [ '1.3.3' ],
27 silly audit   '@img/sharp-libvips-linux-ppc64': [ '1.3.3' ],
27 silly audit   '@img/sharp-libvips-linux-riscv64': [ '1.3.3' ],
27 silly audit   '@img/sharp-libvips-linux-s390x': [ '1.3.3' ],
27 silly audit   '@img/sharp-libvips-linux-x64': [ '1.3.3' ],
27 silly audit   '@img/sharp-libvips-linuxmusl-arm64': [ '1.3.3' ],
27 silly audit   '@img/sharp-libvips-linuxmusl-x64': [ '1.3.3' ],
27 silly audit   '@img/sharp-linux-arm': [ '0.35.4' ],
27 silly audit   '@img/sharp-linux-arm64': [ '0.35.4' ],
27 silly audit   '@img/sharp-linux-ppc64': [ '0.35.4' ],
27 silly audit   '@img/sharp-linux-riscv64': [ '0.35.4' ],
27 silly audit   '@img/sharp-linux-s390x': [ '0.35.4' ],
27 silly audit   '@img/sharp-linux-x64': [ '0.35.4' ],
27 silly audit   '@img/sharp-linuxmusl-arm64': [ '0.35.4' ],
27 silly audit   '@img/sharp-linuxmusl-x64': [ '0.35.4' ],
27 silly audit   '@img/sharp-wasm32': [ '0.35.4' ],
27 silly audit   '@img/sharp-webcontainers-wasm32': [ '0.35.4' ],
27 silly audit   '@img/sharp-win32-arm64': [ '0.35.4' ],
27 silly audit   '@img/sharp-win32-ia32': [ '0.35.4' ],
27 silly audit   '@img/sharp-win32-x64': [ '0.35.4' ],
27 silly audit   '@ionic/cli-framework-output': [ '2.2.8' ],
27 silly audit   '@ionic/utils-array': [ '2.1.6' ],
27 silly audit   '@ionic/utils-fs': [ '3.1.7' ],
27 silly audit   'fs-extra': [ '9.1.0', '11.4.1' ],
27 silly audit   '@ionic/utils-object': [ '2.1.6' ],
27 silly audit   '@ionic/utils-process': [ '2.1.12' ],
27 silly audit   '@ionic/utils-stream': [ '3.1.7' ],
27 silly audit   '@ionic/utils-subprocess': [ '3.0.1' ],
27 silly audit   '@ionic/utils-terminal': [ '2.3.5' ],
27 silly audit   '@isaacs/fs-minipass': [ '4.0.1' ],
27 silly audit   '@jridgewell/gen-mapping': [ '0.3.13' ],
27 silly audit   '@jridgewell/remapping': [ '2.3.5' ],
27 silly audit   '@jridgewell/resolve-uri': [ '3.1.2' ],
27 silly audit   '@jridgewell/sourcemap-codec': [ '1.6.0' ],
27 silly audit   '@jridgewell/trace-mapping': [ '0.3.31' ],
27 silly audit   '@next/env': [ '16.3.5' ],
27 silly audit   '@next/swc-darwin-arm64': [ '16.3.5' ],
27 silly audit   '@next/swc-darwin-x64': [ '16.3.5' ],
27 silly audit   '@next/swc-linux-arm64-gnu': [ '16.3.5' ],
27 silly audit   '@next/swc-linux-arm64-musl': [ '16.3.5' ],
27 silly audit   '@next/swc-linux-x64-gnu': [ '16.3.5' ],
27 silly audit   '@next/swc-linux-x64-musl': [ '16.3.5' ],
27 silly audit   '@next/swc-win32-arm64-msvc': [ '16.3.5' ],
27 silly audit   '@next/swc-win32-x64-msvc': [ '16.3.5' ],
27 silly audit   '@socket.io/component-emitter': [ '3.1.2' ],
27 silly audit   '@swc/helpers': [ '0.5.23' ],
27 silly audit   '@tailwindcss/node': [ '4.3.3' ],
27 silly audit   '@tailwindcss/oxide': [ '4.3.3' ],
27 silly audit   '@tailwindcss/oxide-android-arm64': [ '4.3.3' ],
27 silly audit   '@tailwindcss/oxide-darwin-arm64': [ '4.3.3' ],
27 silly audit   '@tailwindcss/oxide-darwin-x64': [ '4.3.3' ],
27 silly audit   '@tailwindcss/oxide-freebsd-x64': [ '4.3.3' ],
27 silly audit   '@tailwindcss/oxide-linux-arm-gnueabihf': [ '4.3.3' ],
27 silly audit   '@tailwindcss/oxide-linux-arm64-gnu': [ '4.3.3' ],
27 silly audit   '@tailwindcss/oxide-linux-arm64-musl': [ '4.3.3' ],
27 silly audit   '@tailwindcss/oxide-linux-x64-gnu': [ '4.3.3' ],
27 silly audit   '@tailwindcss/oxide-linux-x64-musl': [ '4.3.3' ],
27 silly audit   '@tailwindcss/oxide-win32-arm64-msvc': [ '4.3.3' ],
27 silly audit   '@tailwindcss/oxide-win32-x64-msvc': [ '4.3.3' ],
27 silly audit   '@tailwindcss/postcss': [ '4.3.3' ],
27 silly audit   '@types/fs-extra': [ '8.1.5' ],
27 silly audit   '@types/node': [ '26.6.2' ],
27 silly audit   '@types/slice-ansi': [ '4.0.0' ],
27 silly audit   '@xmldom/xmldom': [ '0.9.12' ],
27 silly audit   'ansi-regex': [ '5.0.1' ],
27 silly audit   'ansi-styles': [ '4.3.0' ],
27 silly audit   'astral-regex': [ '2.0.0' ],
27 silly audit   'at-least-node': [ '1.0.0' ],
27 silly audit   autoprefixer: [ '10.6.1' ],
27 silly audit   'balanced-match': [ '4.0.4' ],
27 silly audit   'base64-js': [ '1.5.1' ],
27 silly audit   'baseline-browser-mapping': [ '2.11.25' ],
27 silly audit   'big-integer': [ '1.6.52' ],
27 silly audit   'bplist-creator': [ '0.1.0' ],
27 silly audit   'bplist-parser': [ '0.3.2', '0.3.1' ],
27 silly audit   'brace-expansion': [ '5.0.12' ],
27 silly audit   browserslist: [ '4.29.0' ],
27 silly audit   'buffer-crc32': [ '0.2.13' ],
27 silly audit   'caniuse-lite': [ '1.0.30001810' ],
27 silly audit   chownr: [ '3.0.0' ],
27 silly audit   'client-only': [ '0.0.1' ],
27 silly audit   'color-convert': [ '2.0.1' ],
27 silly audit   'color-name': [ '1.1.4' ],
27 silly audit   commander: [ '12.1.0' ],
27 silly audit   'cross-spawn': [ '7.0.6' ],
27 silly audit   debug: [ '4.4.3' ],
27 silly audit   'define-lazy-prop': [ '2.0.0' ],
27 silly audit   'detect-libc': [ '2.1.2' ],
27 silly audit   'electron-to-chromium': [ '1.5.433' ],
27 silly audit   elementtree: [ '0.1.7' ],
27 silly audit   'emoji-regex': [ '8.0.0' ],
27 silly audit   'engine.io-client': [ '6.6.6' ],
27 silly audit   'engine.io-parser': [ '5.2.3' ],
27 silly audit   'enhanced-resolve': [ '5.25.1' ],
27 silly audit   'env-paths': [ '2.2.1' ],
27 silly audit   escalade: [ '3.2.0' ],
27 silly audit   'fd-slicer': [ '1.1.0' ],
27 silly audit   'fraction.js': [ '5.3.4' ],
27 silly audit   glob: [ '13.0.6' ],
27 silly audit   'graceful-fs': [ '4.2.11' ],
27 silly audit   inherits: [ '2.0.4' ],
27 silly audit   ini: [ '4.1.3' ],
27 silly audit   'is-docker': [ '2.2.1' ],
27 silly audit   'is-fullwidth-code-point': [ '3.0.0' ],
27 silly audit   'is-wsl': [ '2.2.0' ],
27 silly audit   isexe: [ '2.0.0' ],
27 silly audit   jiti: [ '2.7.0' ],
27 silly audit   jsonfile: [ '6.2.1' ],
27 silly audit   kleur: [ '4.1.5', '3.0.3' ],
27 silly audit   lightningcss: [ '1.32.0' ],
27 silly audit   'lightningcss-android-arm64': [ '1.32.0' ],
27 silly audit   'lightningcss-darwin-arm64': [ '1.32.0' ],
27 silly audit   'lightningcss-darwin-x64': [ '1.32.0' ],
27 silly audit   'lightningcss-freebsd-x64': [ '1.32.0' ],
27 silly audit   'lightningcss-linux-arm-gnueabihf': [ '1.32.0' ],
27 silly audit   'lightningcss-linux-arm64-gnu': [ '1.32.0' ],
27 silly audit   'lightningcss-linux-arm64-musl': [ '1.32.0' ],
27 silly audit   'lightningcss-linux-x64-gnu': [ '1.32.0' ],
27 silly audit   'lightningcss-linux-x64-musl': [ '1.32.0' ],
27 silly audit   'lightningcss-win32-arm64-msvc': [ '1.32.0' ],
27 silly audit   'lightningcss-win32-x64-msvc': [ '1.32.0' ],
27 silly audit   'lru-cache': [ '11.5.3' ],
27 silly audit   'magic-string': [ '0.30.21' ],
27 silly audit   minimatch: [ '10.2.6' ],
27 silly audit   minipass: [ '7.1.3' ],
27 silly audit   minizlib: [ '3.1.0' ],
27 silly audit   ms: [ '2.1.3' ],
27 silly audit   nanoid: [ '3.3.19' ],
27 silly audit   'native-run': [ '2.0.3' ],
27 silly audit   next: [ '16.3.5' ],
27 silly audit   postcss: [ '8.5.23', '8.5.28' ],
27 silly audit   'node-releases': [ '2.0.56' ],
27 silly audit   open: [ '8.4.2' ],
27 silly audit   'package-json-from-dist': [ '1.0.1' ],
27 silly audit   'path-key': [ '3.1.1' ],
27 silly audit   'path-scurry': [ '2.0.2' ],
27 silly audit   pend: [ '1.2.0' ],
27 silly audit   picocolors: [ '1.1.1' ],
27 silly audit   plist: [ '3.1.1' ],
27 silly audit   'postcss-value-parser': [ '4.2.0' ],
27 silly audit   prompts: [ '2.4.2' ],
27 silly audit   react: [ '19.3.0' ],
27 silly audit   'react-dom': [ '19.3.0' ],
27 silly audit   'readable-stream': [ '3.6.2' ],
27 silly audit   rimraf: [ '6.1.3' ],
27 silly audit   'safe-buffer': [ '5.2.1' ],
27 silly audit   sax: [ '1.1.4' ],
27 silly audit   scheduler: [ '0.28.0' ],
27 silly audit   semver: [ '7.8.5' ],
27 silly audit   sharp: [ '0.35.4' ],
27 silly audit   'shebang-command': [ '2.0.0' ],
27 silly audit   'shebang-regex': [ '3.0.0' ],
27 silly audit   'signal-exit': [ '3.0.7' ],
27 silly audit   'simple-plist': [ '1.3.1' ],
27 silly audit   sisteransi: [ '1.0.5' ],
27 silly audit   'slice-ansi': [ '4.0.0' ],
27 silly audit   'socket.io-client': [ '4.8.3' ],
27 silly audit   'socket.io-parser': [ '4.2.7' ],
27 silly audit   'source-map-js': [ '1.2.1' ],
27 silly audit   split2: [ '4.2.0' ],
27 silly audit   'stream-buffers': [ '2.2.0' ],
27 silly audit   string_decoder: [ '1.3.0' ],
27 silly audit   'string-width': [ '4.2.3' ],
27 silly audit   'strip-ansi': [ '6.0.1' ],
27 silly audit   'styled-jsx': [ '5.1.6' ],
27 silly audit   tailwindcss: [ '4.3.3' ],
27 silly audit   tapable: [ '2.3.3' ],
27 silly audit   tar: [ '7.5.22' ],
27 silly audit   through2: [ '4.0.2' ],
27 silly audit   'tree-kill': [ '1.2.2' ],
27 silly audit   tslib: [ '2.8.1' ],
27 silly audit   'undici-types': [ '8.9.0' ],
27 silly audit   universalify: [ '2.0.1' ],
27 silly audit   untildify: [ '4.0.0' ],
27 silly audit   'update-browserslist-db': [ '1.3.3' ],
27 silly audit   'util-deprecate': [ '1.0.2' ],
27 silly audit   uuid: [ '7.0.3' ],
27 silly audit   which: [ '2.0.2' ],
27 silly audit   'wrap-ansi': [ '7.0.0' ],
27 silly audit   ws: [ '8.21.3' ],
27 silly audit   xcode: [ '3.0.1' ],
27 silly audit   xml2js: [ '0.6.2' ],
27 silly audit   xmlbuilder: [ '11.0.1', '15.1.1' ],
27 silly audit   'xmlhttprequest-ssl': [ '2.1.2' ],
27 silly audit   yallist: [ '5.0.0' ],
27 silly audit   yauzl: [ '2.10.0' ],
27 silly audit   '@capacitor/android': [ '8.5.2' ],
27 silly audit   '@tailwindcss/oxide-wasm32-wasi': [ '4.3.3' ]
27 silly audit }
28 verbose reify failed optional dependency E:\Food delivery system\client-customer\node_modules\lightningcss-win32-arm64-msvc
29 silly reify mark deleted [
29 silly reify   'E:\\Food delivery system\\client-customer\\node_modules\\lightningcss-win32-arm64-msvc'
29 silly reify ]
30 verbose reify failed optional dependency E:\Food delivery system\client-customer\node_modules\lightningcss-linux-x64-musl
31 silly reify mark deleted [
31 silly reify   'E:\\Food delivery system\\client-customer\\node_modules\\lightningcss-linux-x64-musl'
31 silly reify ]
32 verbose reify failed optional dependency E:\Food delivery system\client-customer\node_modules\lightningcss-linux-x64-gnu
33 silly reify mark deleted [
33 silly reify   'E:\\Food delivery system\\client-customer\\node_modules\\lightningcss-linux-x64-gnu'
33 silly reify ]
34 verbose reify failed optional dependency E:\Food delivery system\client-customer\node_modules\lightningcss-linux-arm64-musl
35 silly reify mark deleted [
35 silly reify   'E:\\Food delivery system\\client-customer\\node_modules\\lightningcss-linux-arm64-musl'
35 silly reify ]
36 verbose reify failed optional dependency E:\Food delivery system\client-customer\node_modules\lightningcss-linux-arm64-gnu
37 silly reify mark deleted [
37 silly reify   'E:\\Food delivery system\\client-customer\\node_modules\\lightningcss-linux-arm64-gnu'
37 silly reify ]
38 verbose reify failed optional dependency E:\Food delivery system\client-customer\node_modules\lightningcss-linux-arm-gnueabihf
39 silly reify mark deleted [
39 silly reify   'E:\\Food delivery system\\client-customer\\node_modules\\lightningcss-linux-arm-gnueabihf'
39 silly reify ]
40 verbose reify failed optional dependency E:\Food delivery system\client-customer\node_modules\lightningcss-freebsd-x64
41 silly reify mark deleted [
41 silly reify   'E:\\Food delivery system\\client-customer\\node_modules\\lightningcss-freebsd-x64'
41 silly reify ]
42 verbose reify failed optional dependency E:\Food delivery system\client-customer\node_modules\lightningcss-darwin-x64
43 silly reify mark deleted [
43 silly reify   'E:\\Food delivery system\\client-customer\\node_modules\\lightningcss-darwin-x64'
43 silly reify ]
44 verbose reify failed optional dependency E:\Food delivery system\client-customer\node_modules\lightningcss-darwin-arm64
45 silly reify mark deleted [
45 silly reify   'E:\\Food delivery system\\client-customer\\node_modules\\lightningcss-darwin-arm64'
45 silly reify ]
46 verbose reify failed optional dependency E:\Food delivery system\client-customer\node_modules\lightningcss-android-arm64
47 silly reify mark deleted [
47 silly reify   'E:\\Food delivery system\\client-customer\\node_modules\\lightningcss-android-arm64'
47 silly reify ]
48 verbose reify failed optional dependency E:\Food delivery system\client-customer\node_modules\@tailwindcss\oxide-win32-arm64-msvc
49 silly reify mark deleted [
49 silly reify   'E:\\Food delivery system\\client-customer\\node_modules\\@tailwindcss\\oxide-win32-arm64-msvc'
49 silly reify ]
50 verbose reify failed optional dependency E:\Food delivery system\client-customer\node_modules\@tailwindcss\oxide-linux-x64-musl
51 silly reify mark deleted [
51 silly reify   'E:\\Food delivery system\\client-customer\\node_modules\\@tailwindcss\\oxide-linux-x64-musl'
51 silly reify ]
52 verbose reify failed optional dependency E:\Food delivery system\client-customer\node_modules\@tailwindcss\oxide-linux-x64-gnu
53 silly reify mark deleted [
53 silly reify   'E:\\Food delivery system\\client-customer\\node_modules\\@tailwindcss\\oxide-linux-x64-gnu'
53 silly reify ]
54 verbose reify failed optional dependency E:\Food delivery system\client-customer\node_modules\@tailwindcss\oxide-linux-arm64-musl
55 silly reify mark deleted [
55 silly reify   'E:\\Food delivery system\\client-customer\\node_modules\\@tailwindcss\\oxide-linux-arm64-musl'
55 silly reify ]
56 verbose reify failed optional dependency E:\Food delivery system\client-customer\node_modules\@tailwindcss\oxide-linux-arm64-gnu
57 silly reify mark deleted [
57 silly reify   'E:\\Food delivery system\\client-customer\\node_modules\\@tailwindcss\\oxide-linux-arm64-gnu'
57 silly reify ]
58 verbose reify failed optional dependency E:\Food delivery system\client-customer\node_modules\@tailwindcss\oxide-linux-arm-gnueabihf
59 silly reify mark deleted [
59 silly reify   'E:\\Food delivery system\\client-customer\\node_modules\\@tailwindcss\\oxide-linux-arm-gnueabihf'
59 silly reify ]
60 verbose reify failed optional dependency E:\Food delivery system\client-customer\node_modules\@tailwindcss\oxide-freebsd-x64
61 silly reify mark deleted [
61 silly reify   'E:\\Food delivery system\\client-customer\\node_modules\\@tailwindcss\\oxide-freebsd-x64'
61 silly reify ]
62 verbose reify failed optional dependency E:\Food delivery system\client-customer\node_modules\@tailwindcss\oxide-darwin-x64
63 silly reify mark deleted [
63 silly reify   'E:\\Food delivery system\\client-customer\\node_modules\\@tailwindcss\\oxide-darwin-x64'
63 silly reify ]
64 verbose reify failed optional dependency E:\Food delivery system\client-customer\node_modules\@tailwindcss\oxide-darwin-arm64
65 silly reify mark deleted [
65 silly reify   'E:\\Food delivery system\\client-customer\\node_modules\\@tailwindcss\\oxide-darwin-arm64'
65 silly reify ]
66 verbose reify failed optional dependency E:\Food delivery system\client-customer\node_modules\@tailwindcss\oxide-android-arm64
67 silly reify mark deleted [
67 silly reify   'E:\\Food delivery system\\client-customer\\node_modules\\@tailwindcss\\oxide-android-arm64'
67 silly reify ]
68 verbose reify failed optional dependency E:\Food delivery system\client-customer\node_modules\@next\swc-win32-arm64-msvc
69 silly reify mark deleted [
69 silly reify   'E:\\Food delivery system\\client-customer\\node_modules\\@next\\swc-win32-arm64-msvc'
69 silly reify ]
70 verbose reify failed optional dependency E:\Food delivery system\client-customer\node_modules\@next\swc-linux-x64-musl
71 silly reify mark deleted [
71 silly reify   'E:\\Food delivery system\\client-customer\\node_modules\\@next\\swc-linux-x64-musl'
71 silly reify ]
72 verbose reify failed optional dependency E:\Food delivery system\client-customer\node_modules\@next\swc-linux-x64-gnu
73 silly reify mark deleted [
73 silly reify   'E:\\Food delivery system\\client-customer\\node_modules\\@next\\swc-linux-x64-gnu'
73 silly reify ]
74 verbose reify failed optional dependency E:\Food delivery system\client-customer\node_modules\@next\swc-linux-arm64-musl
75 silly reify mark deleted [
75 silly reify   'E:\\Food delivery system\\client-customer\\node_modules\\@next\\swc-linux-arm64-musl'
75 silly reify ]
76 verbose reify failed optional dependency E:\Food delivery system\client-customer\node_modules\@next\swc-linux-arm64-gnu
77 silly reify mark deleted [
77 silly reify   'E:\\Food delivery system\\client-customer\\node_modules\\@next\\swc-linux-arm64-gnu'
77 silly reify ]
78 verbose reify failed optional dependency E:\Food delivery system\client-customer\node_modules\@next\swc-darwin-x64
79 silly reify mark deleted [
79 silly reify   'E:\\Food delivery system\\client-customer\\node_modules\\@next\\swc-darwin-x64'
79 silly reify ]
80 verbose reify failed optional dependency E:\Food delivery system\client-customer\node_modules\@next\swc-darwin-arm64
81 silly reify mark deleted [
81 silly reify   'E:\\Food delivery system\\client-customer\\node_modules\\@next\\swc-darwin-arm64'
81 silly reify ]
82 verbose reify failed optional dependency E:\Food delivery system\client-customer\node_modules\@img\sharp-win32-ia32
83 silly reify mark deleted [
83 silly reify   'E:\\Food delivery system\\client-customer\\node_modules\\@img\\sharp-win32-ia32'
83 silly reify ]
84 verbose reify failed optional dependency E:\Food delivery system\client-customer\node_modules\@img\sharp-win32-arm64
85 silly reify mark deleted [
85 silly reify   'E:\\Food delivery system\\client-customer\\node_modules\\@img\\sharp-win32-arm64'
85 silly reify ]
86 verbose reify failed optional dependency E:\Food delivery system\client-customer\node_modules\@img\sharp-webcontainers-wasm32
87 silly reify mark deleted [
87 silly reify   'E:\\Food delivery system\\client-customer\\node_modules\\@img\\sharp-webcontainers-wasm32'
87 silly reify ]
88 verbose reify failed optional dependency E:\Food delivery system\client-customer\node_modules\@img\sharp-linuxmusl-x64
89 silly reify mark deleted [
89 silly reify   'E:\\Food delivery system\\client-customer\\node_modules\\@img\\sharp-linuxmusl-x64'
89 silly reify ]
90 verbose reify failed optional dependency E:\Food delivery system\client-customer\node_modules\@img\sharp-linuxmusl-arm64
91 silly reify mark deleted [
91 silly reify   'E:\\Food delivery system\\client-customer\\node_modules\\@img\\sharp-linuxmusl-arm64'
91 silly reify ]
92 verbose reify failed optional dependency E:\Food delivery system\client-customer\node_modules\@img\sharp-linux-x64
93 silly reify mark deleted [
93 silly reify   'E:\\Food delivery system\\client-customer\\node_modules\\@img\\sharp-linux-x64'
93 silly reify ]
94 verbose reify failed optional dependency E:\Food delivery system\client-customer\node_modules\@img\sharp-linux-s390x
95 silly reify mark deleted [
95 silly reify   'E:\\Food delivery system\\client-customer\\node_modules\\@img\\sharp-linux-s390x'
95 silly reify ]
96 verbose reify failed optional dependency E:\Food delivery system\client-customer\node_modules\@img\sharp-linux-riscv64
97 silly reify mark deleted [
97 silly reify   'E:\\Food delivery system\\client-customer\\node_modules\\@img\\sharp-linux-riscv64'
97 silly reify ]
98 verbose reify failed optional dependency E:\Food delivery system\client-customer\node_modules\@img\sharp-linux-ppc64
99 silly reify mark deleted [
99 silly reify   'E:\\Food delivery system\\client-customer\\node_modules\\@img\\sharp-linux-ppc64'
99 silly reify ]
100 verbose reify failed optional dependency E:\Food delivery system\client-customer\node_modules\@img\sharp-linux-arm64
101 silly reify mark deleted [
101 silly reify   'E:\\Food delivery system\\client-customer\\node_modules\\@img\\sharp-linux-arm64'
101 silly reify ]
102 verbose reify failed optional dependency E:\Food delivery system\client-customer\node_modules\@img\sharp-linux-arm
103 silly reify mark deleted [
103 silly reify   'E:\\Food delivery system\\client-customer\\node_modules\\@img\\sharp-linux-arm'
103 silly reify ]
104 verbose reify failed optional dependency E:\Food delivery system\client-customer\node_modules\@img\sharp-libvips-linuxmusl-x64
105 silly reify mark deleted [
105 silly reify   'E:\\Food delivery system\\client-customer\\node_modules\\@img\\sharp-libvips-linuxmusl-x64'
105 silly reify ]
106 verbose reify failed optional dependency E:\Food delivery system\client-customer\node_modules\@img\sharp-libvips-linuxmusl-arm64
107 silly reify mark deleted [
107 silly reify   'E:\\Food delivery system\\client-customer\\node_modules\\@img\\sharp-libvips-linuxmusl-arm64'
107 silly reify ]
108 verbose reify failed optional dependency E:\Food delivery system\client-customer\node_modules\@img\sharp-libvips-linux-x64
109 silly reify mark deleted [
109 silly reify   'E:\\Food delivery system\\client-customer\\node_modules\\@img\\sharp-libvips-linux-x64'
109 silly reify ]
110 verbose reify failed optional dependency E:\Food delivery system\client-customer\node_modules\@img\sharp-libvips-linux-s390x
111 silly reify mark deleted [
111 silly reify   'E:\\Food delivery system\\client-customer\\node_modules\\@img\\sharp-libvips-linux-s390x'
111 silly reify ]
112 verbose reify failed optional dependency E:\Food delivery system\client-customer\node_modules\@img\sharp-libvips-linux-riscv64
113 silly reify mark deleted [
113 silly reify   'E:\\Food delivery system\\client-customer\\node_modules\\@img\\sharp-libvips-linux-riscv64'
113 silly reify ]
114 verbose reify failed optional dependency E:\Food delivery system\client-customer\node_modules\@img\sharp-libvips-linux-ppc64
115 silly reify mark deleted [
115 silly reify   'E:\\Food delivery system\\client-customer\\node_modules\\@img\\sharp-libvips-linux-ppc64'
115 silly reify ]
116 verbose reify failed optional dependency E:\Food delivery system\client-customer\node_modules\@img\sharp-libvips-linux-arm64
117 silly reify mark deleted [
117 silly reify   'E:\\Food delivery system\\client-customer\\node_modules\\@img\\sharp-libvips-linux-arm64'
117 silly reify ]
118 verbose reify failed optional dependency E:\Food delivery system\client-customer\node_modules\@img\sharp-libvips-linux-arm
119 silly reify mark deleted [
119 silly reify   'E:\\Food delivery system\\client-customer\\node_modules\\@img\\sharp-libvips-linux-arm'
119 silly reify ]
120 verbose reify failed optional dependency E:\Food delivery system\client-customer\node_modules\@img\sharp-libvips-darwin-x64
121 silly reify mark deleted [
121 silly reify   'E:\\Food delivery system\\client-customer\\node_modules\\@img\\sharp-libvips-darwin-x64'
121 silly reify ]
122 verbose reify failed optional dependency E:\Food delivery system\client-customer\node_modules\@img\sharp-libvips-darwin-arm64
123 silly reify mark deleted [
123 silly reify   'E:\\Food delivery system\\client-customer\\node_modules\\@img\\sharp-libvips-darwin-arm64'
123 silly reify ]
124 verbose reify failed optional dependency E:\Food delivery system\client-customer\node_modules\@img\sharp-freebsd-wasm32
125 silly reify mark deleted [
125 silly reify   'E:\\Food delivery system\\client-customer\\node_modules\\@img\\sharp-freebsd-wasm32'
125 silly reify ]
126 verbose reify failed optional dependency E:\Food delivery system\client-customer\node_modules\@img\sharp-darwin-x64
127 silly reify mark deleted [
127 silly reify   'E:\\Food delivery system\\client-customer\\node_modules\\@img\\sharp-darwin-x64'
127 silly reify ]
128 verbose reify failed optional dependency E:\Food delivery system\client-customer\node_modules\@img\sharp-darwin-arm64
129 silly reify mark deleted [
129 silly reify   'E:\\Food delivery system\\client-customer\\node_modules\\@img\\sharp-darwin-arm64'
129 silly reify ]
130 http cache @capacitor/android@https://registry.npmjs.org/@capacitor/android/-/android-8.5.2.tgz 0ms (cache hit)
131 silly tarball no local data for @capacitor/android@https://registry.npmjs.org/@capacitor/android/-/android-8.5.2.tgz. Extracting by manifest.
132 http fetch POST 200 https://registry.npmjs.org/-/npm/v1/security/advisories/bulk 384ms
133 silly audit report {
133 silly audit report   uuid: [
133 silly audit report     {
133 silly audit report       id: 1119441,
133 silly audit report       url: 'https://github.com/advisories/GHSA-w5hq-g745-h8pq',
133 silly audit report       title: 'uuid: Missing buffer bounds check in v3/v5/v6 when buf is provided',
133 silly audit report       severity: 'moderate',
133 silly audit report       vulnerable_versions: '<11.1.1',
133 silly audit report       cwe: [Array],
133 silly audit report       cvss: [Object]
133 silly audit report     }
133 silly audit report   ]
133 silly audit report }
134 silly packumentCache corgi:https://registry.npmjs.org/uuid cache-miss
135 http cache https://registry.npmjs.org/uuid 18ms (cache hit)
136 silly packumentCache corgi:https://registry.npmjs.org/uuid set size:84321 disposed:false
137 silly packumentCache corgi:https://registry.npmjs.org/xcode cache-miss
138 http cache https://registry.npmjs.org/xcode 32ms (cache hit)
139 silly packumentCache corgi:https://registry.npmjs.org/xcode set size:1850340 disposed:false
140 silly packumentCache corgi:https://registry.npmjs.org/@capacitor%2fcli cache-miss
141 http cache https://registry.npmjs.org/@capacitor%2fcli 49ms (cache hit)
142 silly packumentCache corgi:https://registry.npmjs.org/@capacitor%2fcli set size:2505154 disposed:false
143 http fetch GET 200 https://registry.npmjs.org/@capacitor/android/-/android-8.5.2.tgz 1250ms (cache miss)
144 silly ADD node_modules/@capacitor/android
145 silly ADD
146 silly ADD
147 silly ADD
148 silly ADD
149 silly ADD
150 silly ADD
151 silly ADD
152 silly ADD
153 silly ADD
154 silly ADD
155 silly ADD
156 silly ADD
157 silly ADD
158 silly ADD
159 silly ADD
160 silly ADD
161 silly ADD
162 silly ADD
163 silly ADD
164 silly ADD
165 silly ADD
166 silly ADD
167 silly ADD
168 silly ADD
169 silly ADD
170 silly ADD
171 silly ADD
172 silly ADD
173 silly ADD
174 silly ADD
175 silly ADD
176 silly ADD
177 silly ADD
178 silly ADD
179 silly ADD
180 silly ADD
181 silly ADD
182 silly ADD
183 silly ADD
184 silly ADD
185 silly ADD
186 silly ADD
187 silly ADD
188 silly ADD
189 silly ADD
190 silly ADD
191 silly ADD
192 silly ADD
193 silly ADD
194 silly ADD
195 silly ADD
196 silly ADD
197 verbose cwd E:\Food delivery system\client-customer
198 verbose os Windows_NT 10.0.26200
199 verbose node v22.14.0
200 verbose npm  v10.9.2
201 verbose exit 0
202 info ok
